
============================================================
RAG SYSTEM SMOKE TEST
============================================================

TEST 1: Backend Health & System Status
------------------------------------------------------------
Traceback (most recent call last):
  File "C:\Users\dhruv\MYPROJECTS\Multi-Source-Enterprise-RAG-System\test_smoke.py", line 39, in <module>
    log_test(
    ~~~~~~~~^
        "Health endpoint",
        ^^^^^^^^^^^^^^^^^^
        data.get("status") == "operational",
        ^^^^^^^^^^^^^^^^^^^^^^^^^^^^^^^^^^^^
        f"Status: {data.get('status')}"
        ^^^^^^^^^^^^^^^^^^^^^^^^^^^^^^^
    )
    ^
  File "C:\Users\dhruv\MYPROJECTS\Multi-Source-Enterprise-RAG-System\test_smoke.py", line 20, in log_test
    print(f"{color}{status}{reset} {name}")
    ~~~~~^^^^^^^^^^^^^^^^^^^^^^^^^^^^^^^^^^
  File "C:\Python313\Lib\encodings\cp1252.py", line 19, in encode
    return codecs.charmap_encode(input,self.errors,encoding_table)[0]
           ~~~~~~~~~~~~~~~~~~~~~^^^^^^^^^^^^^^^^^^^^^^^^^^^^^^^^^^
UnicodeEncodeError: 'charmap' codec can't encode character '\u2713' in position 5: character maps to <undefined>

During handling of the above exception, another exception occurred:

Traceback (most recent call last):
  File "C:\Users\dhruv\MYPROJECTS\Multi-Source-Enterprise-RAG-System\test_smoke.py", line 56, in <module>
    log_test("Health endpoint", False, str(e))
    ~~~~~~~~^^^^^^^^^^^^^^^^^^^^^^^^^^^^^^^^^^
  File "C:\Users\dhruv\MYPROJECTS\Multi-Source-Enterprise-RAG-System\test_smoke.py", line 20, in log_test
    print(f"{color}{status}{reset} {name}")
    ~~~~~^^^^^^^^^^^^^^^^^^^^^^^^^^^^^^^^^^
  File "C:\Python313\Lib\encodings\cp1252.py", line 19, in encode
    return codecs.charmap_encode(input,self.errors,encoding_table)[0]
           ~~~~~~~~~~~~~~~~~~~~~^^^^^^^^^^^^^^^^^^^^^^^^^^^^^^^^^^
UnicodeEncodeError: 'charmap' codec can't encode character '\u2717' in position 5: character maps to <undefined>
